// Jest Snapshot v1, https://goo.gl/fbAQLP

exports[`Dog component matches dog snapshot 1`] = `
<dl>
  <dt>
    Name
  </dt>
  <dd>
    Spot
  </dd>
  <dt>
    Age
  </dt>
  <dd>
    7
  </dd>
  <dt>
    Weight
  </dt>
  <dd>
    30 lbs
  </dd>
</dl>
`;
